
> one-a-day@0.1.0 build
> node tools/check-freeze.mjs && tsc -p tsconfig.build.json && node tools/copy-assets.mjs && node dist/gen-template-manifest.js && node tools/check-registry.mjs && node tools/check-layout.mjs && node tools/check-why.mjs

[check-freeze] ✓ freeze (2026-09-29 (m0saic 0.3.0)): 15 frozen files unchanged, 1 not yet frozen (new work).
copy-assets: mirrored 1 asset file(s) from src -> dist
[gen-template-manifest] wrote template-manifest.json (13 templates, 7 packs, 12 with preview assets)
[check-registry] ✓ 13 templates — definition-time conventions hold.
  ⚠ @one-a-day/dev/og-card/v1: latticeSmooth: hinted canvas 1200×630 declared physical (lattice.canvas) — a rough axis is not reported; the counts it explains are charged to it
[check-registry] ⚠ 1 render-time warning(s) (record posture — fix when you touch the template):
  ⚠ @one-a-day/social/episode-audiogram/v1 — costBudget: overlayDepth
      overlayDepth 59 exceeds the budget of 20 — the engine drops inline masks past ~25 overlay layers; nest a child document instead.
[check-registry] ✓ layout fingerprints: 13 unchanged, 0 missing, 0 changed.
[check-registry] ✓ 13 templates rendered at their defaults — render-time conventions hold (0 skipped: inputs required).
[check-layout] ✓ 12 template(s) keep their layout contract at 7 canvases (0 skipped: inputs required; front door exempt).
[check-why] ✓ 11 template(s) explain why they exist (0 warning(s); front door exempt).

> one-a-day@0.1.0 previews
> node tools/gen-previews.mjs

  ok preview @one-a-day/events/homebrew-serving-card/v1

gen-previews: minted 1, skipped 12 existing, 0 failure(s)
gen-previews: re-run `npm run build` so the manifest picks up new preview paths.

> one-a-day@0.1.0 build
> node tools/check-freeze.mjs && tsc -p tsconfig.build.json && node tools/copy-assets.mjs && node dist/gen-template-manifest.js && node tools/check-registry.mjs && node tools/check-layout.mjs && node tools/check-why.mjs

[check-freeze] ✓ freeze (2026-09-29 (m0saic 0.3.0)): 15 frozen files unchanged, 1 not yet frozen (new work).
copy-assets: mirrored 1 asset file(s) from src -> dist
[gen-template-manifest] wrote template-manifest.json (13 templates, 7 packs, 13 with preview assets)
[check-registry] ✓ 13 templates — definition-time conventions hold.
  ⚠ @one-a-day/dev/og-card/v1: latticeSmooth: hinted canvas 1200×630 declared physical (lattice.canvas) — a rough axis is not reported; the counts it explains are charged to it
[check-registry] ⚠ 1 render-time warning(s) (record posture — fix when you touch the template):
  ⚠ @one-a-day/social/episode-audiogram/v1 — costBudget: overlayDepth
      overlayDepth 59 exceeds the budget of 20 — the engine drops inline masks past ~25 overlay layers; nest a child document instead.
[check-registry] ✓ layout fingerprints: 13 unchanged, 0 missing, 0 changed.
[check-registry] ✓ 13 templates rendered at their defaults — render-time conventions hold (0 skipped: inputs required).
[check-layout] ✓ 12 template(s) keep their layout contract at 7 canvases (0 skipped: inputs required; front door exempt).
[check-why] ✓ 11 template(s) explain why they exist (0 warning(s); front door exempt).

> one-a-day@0.1.0 fingerprints:update
> node tools/check-registry.mjs --update-fingerprints

[check-registry] ✓ 13 templates — definition-time conventions hold.
  ⚠ @one-a-day/dev/og-card/v1: latticeSmooth: hinted canvas 1200×630 declared physical (lattice.canvas) — a rough axis is not reported; the counts it explains are charged to it
[check-registry] ⚠ 1 render-time warning(s) (record posture — fix when you touch the template):
  ⚠ @one-a-day/social/episode-audiogram/v1 — costBudget: overlayDepth
      overlayDepth 59 exceeds the budget of 20 — the engine drops inline masks past ~25 overlay layers; nest a child document instead.
[check-registry] ✎ layout fingerprints: 0 written, 13 unchanged → <template folder>/<slug>.layout.m0 (commit them).
[check-registry] ✓ 13 templates rendered at their defaults — render-time conventions hold (0 skipped: inputs required).
