ok  landscape 1920x1080 → renders\landscape.png (exit 0)
ok  portrait 1080x1920 → renders\portrait.png (exit 0)
ok  square 1080x1080 → renders\square.png (exit 0)
ok  tutorial 1280x720 → renders\tutorial.mp4 (exit 0)

render-variant: ok — 3 render(s), 9 still(s) → journal\2026-09-29\variants\b/report.json
EXIT 0
[33m⚠  Loading third-party template code from:
     .
   This code is not written or reviewed by m0saic and runs with your
   access to files, network, and programs. m0saic LLC is not responsible
   for third-party template code. Only load repos you trust.[0m
Loaded template repo "One a Day" (12 templates) from .
Rendering template:
  template id: @one-a-day/gaming/crossword-grid-card/v1
  output:      journal/2026-09-29/variants/b/stills/extra-480x270.png
  Building plan... done (0.3s)
  plan built with size: 480 x 270
  duration:      2s (60 frames @ 30fps)
  Estimated render time: ~1 s
  Rendering in ffmpeg [0/1 |   0% | 0:00 elapsed | ETA 0:02]  Rendering in ffmpeg [1/1 | 100% | 0:00 elapsed | ETA 0:00 | 0.43x]... done (239 ms)
✅ Template render complete: journal/2026-09-29/variants/b/stills/extra-480x270.png
[33m⚠  Loading third-party template code from:
     .
   This code is not written or reviewed by m0saic and runs with your
   access to files, network, and programs. m0saic LLC is not responsible
   for third-party template code. Only load repos you trust.[0m
Loaded template repo "One a Day" (12 templates) from .
Rendering template:
  template id: @one-a-day/gaming/crossword-grid-card/v1
  output:      journal/2026-09-29/variants/b/stills/extra-15x15-1080.png
  Building plan... done (0.4s)
  plan built with size: 1080 x 1080
  duration:      2s (60 frames @ 30fps)
  Estimated render time: ~2 s
  Rendering in ffmpeg [0/1 |   0% | 0:00 elapsed | ETA 0:02]  Rendering in ffmpeg [1/1 | 100% | 0:00 elapsed | ETA 0:00 | 0.23x]... done (389 ms)
✅ Template render complete: journal/2026-09-29/variants/b/stills/extra-15x15-1080.png
EXTRA 0
