ok 20-bignum-unit30.json 1920x1080 contract=true check=true shown=4/4 namePx=32 lines=1,1,1,1 ell=[]
ok 20-bignum-unit30.json 1600x900 contract=true check=true shown=4/4 namePx=27 lines=1,1,1,1 ell=[]
ok 20-bignum-unit30.json 1280x720 contract=true check=true shown=4/4 namePx=22 lines=1,1,1,1 ell=[]
ok 20-bignum-unit30.json 1080x1920 contract=true check=true shown=4/4 namePx=24 lines=1,1,1,1 ell=[values-0 values-1 values-2 values-3]
ok 20-bignum-unit30.json 1080x1080 contract=true check=true shown=4/4 namePx=24 lines=1,1,1,1 ell=[values-0 values-1 values-2 values-3]
ok 20-bignum-unit30.json 3840x2160 contract=true check=true shown=4/4 namePx=65 lines=1,1,1,1 ell=[]
ok 20-bignum-unit30.json 640x360 contract=true check=true shown=4/4 namePx=11 lines=1,1,1,1 ell=[values-0 values-1 values-2 values-3]
ok 20-bignum-unit30.json 480x270 contract=true check=true shown=4/4 namePx=8 lines=1,1,1,1 ell=[footer values-0 values-1 values-2 values-3]
ok 21-bignum-unit30-W.json 1920x1080 contract=true check=true shown=4/4 namePx=32 lines=1,1,1,1 ell=[values-0 values-1 values-2 values-3]
ok 21-bignum-unit30-W.json 1600x900 contract=true check=true shown=4/4 namePx=27 lines=1,1,1,1 ell=[values-0 values-1 values-2 values-3]
ok 21-bignum-unit30-W.json 1280x720 contract=true check=true shown=4/4 namePx=22 lines=1,1,1,1 ell=[values-0 values-1 values-2 values-3]
ok 21-bignum-unit30-W.json 1080x1920 contract=true check=true shown=4/4 namePx=24 lines=1,1,1,1 ell=[values-0 values-1 values-2 values-3]
ok 21-bignum-unit30-W.json 1080x1080 contract=true check=true shown=4/4 namePx=24 lines=1,1,1,1 ell=[values-0 values-1 values-2 values-3]
ok 21-bignum-unit30-W.json 3840x2160 contract=true check=true shown=4/4 namePx=65 lines=1,1,1,1 ell=[values-0 values-1 values-2 values-3]
ok 21-bignum-unit30-W.json 640x360 contract=true check=true shown=4/4 namePx=11 lines=1,1,1,1 ell=[values-0 values-1 values-2 values-3]
ok 21-bignum-unit30-W.json 480x270 contract=true check=true shown=4/4 namePx=8 lines=1,1,1,1 ell=[footer values-0 values-1 values-2 values-3]
ok 22-at200.json 1920x1080 contract=true check=true shown=4/4 namePx=17 lines=2,2,2,2 ell=[name-0 name-1 name-2 name-3]
ok 22-at200.json 1600x900 contract=true check=true shown=4/4 namePx=14 lines=2,2,2,2 ell=[name-0 name-1 name-2 name-3]
ok 22-at200.json 1280x720 contract=true check=true shown=4/4 namePx=12 lines=2,2,2,2 ell=[name-0 name-1 name-2 name-3]
ok 22-at200.json 1080x1920 contract=true check=true shown=4/4 namePx=13 lines=2,2,2,2 ell=[name-0 name-1 name-2 name-3]
ok 22-at200.json 1080x1080 contract=true check=true shown=4/4 namePx=13 lines=2,2,2,2 ell=[name-0 name-1 name-2 name-3]
ok 22-at200.json 3840x2160 contract=true check=true shown=4/4 namePx=35 lines=2,2,2,2 ell=[name-0 name-1 name-2 name-3]
ok 22-at200.json 640x360 contract=true check=true shown=4/4 namePx=7 lines=2,2,2,2 ell=[name-0 name-1 name-2 name-3]
ok 22-at200.json 480x270 contract=true check=true shown=4/4 namePx=7 lines=1,1,1,1 ell=[name-0 name-1 name-2 name-3]
ok 23-name46-at.json 1920x1080 contract=true check=true shown=4/4 namePx=21 lines=2,2,2,2 ell=[]
ok 23-name46-at.json 1600x900 contract=true check=true shown=4/4 namePx=17 lines=2,2,2,2 ell=[]
ok 23-name46-at.json 1280x720 contract=true check=true shown=4/4 namePx=15 lines=2,2,2,2 ell=[]
ok 23-name46-at.json 1080x1920 contract=true check=true shown=4/4 namePx=16 lines=2,2,2,2 ell=[]
ok 23-name46-at.json 1080x1080 contract=true check=true shown=4/4 namePx=16 lines=2,2,2,2 ell=[]
ok 23-name46-at.json 3840x2160 contract=true check=true shown=4/4 namePx=43 lines=2,2,2,2 ell=[]
ok 23-name46-at.json 640x360 contract=true check=true shown=4/4 namePx=7 lines=2,2,2,2 ell=[]
ok 23-name46-at.json 480x270 contract=true check=true shown=4/4 namePx=7 lines=1,1,1,1 ell=[name-0 name-1 name-2 name-3]
ok 24-onerow-long.json 1920x1080 contract=true check=true shown=1/1 namePx=17 lines=2 ell=[name-0]
ok 24-onerow-long.json 1600x900 contract=true check=true shown=1/1 namePx=14 lines=2 ell=[name-0]
ok 24-onerow-long.json 1280x720 contract=true check=true shown=1/1 namePx=12 lines=2 ell=[name-0]
ok 24-onerow-long.json 1080x1920 contract=true check=true shown=1/1 namePx=13 lines=2 ell=[name-0]
ok 24-onerow-long.json 1080x1080 contract=true check=true shown=1/1 namePx=13 lines=2 ell=[name-0]
ok 24-onerow-long.json 3840x2160 contract=true check=true shown=1/1 namePx=35 lines=2 ell=[name-0]
ok 24-onerow-long.json 640x360 contract=true check=true shown=1/1 namePx=7 lines=2 ell=[name-0]
ok 24-onerow-long.json 480x270 contract=true check=true shown=1/1 namePx=7 lines=2 ell=[name-0]
XX 25-manyshortwords.json 1920x1080 contract=true check=true shown=1/1 namePx=32 lines=2 ell=[]
    VCLIP: name-0: needs 84px tall (px=32 x 2 lines) box=82px
ok 25-manyshortwords.json 1600x900 contract=true check=true shown=1/1 namePx=25 lines=2 ell=[]
XX 25-manyshortwords.json 1280x720 contract=true check=true shown=1/1 namePx=22 lines=2 ell=[]
    VCLIP: name-0: needs 58px tall (px=22 x 2 lines) box=55px
ok 25-manyshortwords.json 1080x1920 contract=true check=true shown=1/1 namePx=18 lines=2 ell=[]
ok 25-manyshortwords.json 1080x1080 contract=true check=true shown=1/1 namePx=18 lines=2 ell=[]
ok 25-manyshortwords.json 3840x2160 contract=true check=true shown=1/1 namePx=60 lines=2 ell=[]
ok 25-manyshortwords.json 640x360 contract=true check=true shown=1/1 namePx=10 lines=2 ell=[]
ok 25-manyshortwords.json 480x270 contract=true check=true shown=1/1 namePx=7 lines=2 ell=[]
ok 26-rows8-name46.json 1920x1080 contract=true check=true shown=8/8 namePx=21 lines=1,1,1,1,1,1,1,1 ell=[]
ok 26-rows8-name46.json 1600x900 contract=true check=true shown=8/8 namePx=17 lines=1,1,1,1,1,1,1,1 ell=[]
ok 26-rows8-name46.json 1280x720 contract=true check=true shown=8/8 namePx=14 lines=1,1,1,1,1,1,1,1 ell=[]
ok 26-rows8-name46.json 1080x1920 contract=true check=true shown=8/8 namePx=22 lines=2,2,2,2,2,2,2,2 ell=[]
XX 26-rows8-name46.json 1080x1080 contract=true check=true shown=8/8 namePx=16 lines=2,2,2,2,2,2,2,2 ell=[]
    VCLIP: name-0: needs 42px tall (px=16 x 2 lines) box=40px
    VCLIP: name-1: needs 42px tall (px=16 x 2 lines) box=40px
    VCLIP: name-2: needs 42px tall (px=16 x 2 lines) box=40px
    VCLIP: name-3: needs 42px tall (px=16 x 2 lines) box=40px
    VCLIP: name-4: needs 42px tall (px=16 x 2 lines) box=40px
    VCLIP: name-5: needs 42px tall (px=16 x 2 lines) box=40px
    VCLIP: name-6: needs 42px tall (px=16 x 2 lines) box=40px
    VCLIP: name-7: needs 42px tall (px=16 x 2 lines) box=40px
ok 26-rows8-name46.json 3840x2160 contract=true check=true shown=8/8 namePx=42 lines=1,1,1,1,1,1,1,1 ell=[]
XX 26-rows8-name46.json 640x360 contract=true check=true shown=8/8 namePx=7 lines=1,1,1,1,1,1,1,1 ell=[]
    VCLIP: labelblock-0: bottom 124 > row bottom 122
    VCLIP: labelblock-1: bottom 148 > row bottom 146
    VCLIP: labelblock-2: bottom 172 > row bottom 170
    VCLIP: labelblock-3: bottom 196 > row bottom 194
    VCLIP: labelblock-4: bottom 220 > row bottom 218
    VCLIP: labelblock-5: bottom 244 > row bottom 242
    VCLIP: labelblock-6: bottom 268 > row bottom 266
    VCLIP: labelblock-7: bottom 292 > row bottom 290
XX 26-rows8-name46.json 480x270 contract=true check=true shown=7/8 namePx=7 lines=1,1,1,1,1,1,1 ell=[name-0 name-1 name-2 name-3 name-4 name-5 name-6]
    VCLIP: name-0: needs 10px tall (px=7 x 1 lines) box=9px
    VCLIP: labelblock-0: bottom 99 > row bottom 95
    VCLIP: name-1: needs 10px tall (px=7 x 1 lines) box=9px
    VCLIP: labelblock-1: bottom 119 > row bottom 115
    VCLIP: name-2: needs 10px tall (px=7 x 1 lines) box=9px
    VCLIP: labelblock-2: bottom 139 > row bottom 135
    VCLIP: name-3: needs 10px tall (px=7 x 1 lines) box=9px
    VCLIP: labelblock-3: bottom 159 > row bottom 155
    VCLIP: name-4: needs 10px tall (px=7 x 1 lines) box=9px
    VCLIP: labelblock-4: bottom 179 > row bottom 175
    VCLIP: name-5: needs 10px tall (px=7 x 1 lines) box=9px
    VCLIP: labelblock-5: bottom 199 > row bottom 195
    VCLIP: name-6: needs 10px tall (px=7 x 1 lines) box=9px
    VCLIP: labelblock-6: bottom 219 > row bottom 215
ok 27-title200-only.json 1920x1080 contract=true check=true shown=4/4 namePx=32 lines=1,1,1,1 ell=[title]
ok 27-title200-only.json 1600x900 contract=true check=true shown=4/4 namePx=27 lines=1,1,1,1 ell=[title]
ok 27-title200-only.json 1280x720 contract=true check=true shown=4/4 namePx=22 lines=1,1,1,1 ell=[title]
ok 27-title200-only.json 1080x1920 contract=true check=true shown=4/4 namePx=24 lines=1,1,1,1 ell=[title]
ok 27-title200-only.json 1080x1080 contract=true check=true shown=4/4 namePx=24 lines=1,1,1,1 ell=[title]
ok 27-title200-only.json 3840x2160 contract=true check=true shown=4/4 namePx=65 lines=1,1,1,1 ell=[title]
ok 27-title200-only.json 640x360 contract=true check=true shown=4/4 namePx=11 lines=1,1,1,1 ell=[title]
ok 27-title200-only.json 480x270 contract=true check=true shown=4/4 namePx=8 lines=1,1,1,1 ell=[title]
ok 28-bignum-name200.json 1920x1080 contract=true check=true shown=2/2 namePx=17 lines=2,2 ell=[name-0]
ok 28-bignum-name200.json 1600x900 contract=true check=true shown=2/2 namePx=14 lines=2,2 ell=[name-0]
ok 28-bignum-name200.json 1280x720 contract=true check=true shown=2/2 namePx=12 lines=2,2 ell=[name-0]
ok 28-bignum-name200.json 1080x1920 contract=true check=true shown=2/2 namePx=13 lines=2,2 ell=[name-0 name-1]
ok 28-bignum-name200.json 1080x1080 contract=true check=true shown=2/2 namePx=13 lines=2,2 ell=[name-0 name-1]
ok 28-bignum-name200.json 3840x2160 contract=true check=true shown=2/2 namePx=35 lines=2,2 ell=[name-0]
ok 28-bignum-name200.json 640x360 contract=true check=true shown=2/2 namePx=7 lines=2,2 ell=[name-0 name-1]
ok 28-bignum-name200.json 480x270 contract=true check=true shown=2/2 namePx=7 lines=2,2 ell=[footer name-0 values-0 name-1 values-1]
