[33m⚠  Loading third-party template code from:
     .
   This code is not written or reviewed by m0saic and runs with your
   access to files, network, and programs. m0saic LLC is not responsible
   for third-party template code. Only load repos you trust.[0m
Loaded template repo "One a Day" (19 templates) from .
Rendering template:
  template id: @one-a-day/community/weekly-run-report/v1
  output:      journal/2026-10-06/critique-scratch/why/rushmoor-522.png
  Building plan...❌ Error running ffmpeg: Error: @one-a-day/community/weekly-run-report/v1: milestones 'R200' is not a club (25, 50, 100, 250, 500, 1000).
    at fail (C:\src\m0saic-production\one-a-day\dist\community\weekly-run-report\v1\weekly-run-report.js:128:36)
    at C:\src\m0saic-production\one-a-day\dist\community\weekly-run-report\v1\weekly-run-report.js:178:13
    at Array.map (<anonymous>)
    at parseMilestones (C:\src\m0saic-production\one-a-day\dist\community\weekly-run-report\v1\weekly-run-report.js:172:25)
    at normalizeWeeklyRunReport (C:\src\m0saic-production\one-a-day\dist\community\weekly-run-report\v1\weekly-run-report.js:278:24)
    at layoutWeeklyRunReport (C:\src\m0saic-production\one-a-day\dist\community\weekly-run-report\v1\weekly-run-report.js:370:15)
    at settleLayout (C:\src\m0saic-production\one-a-day\dist\community\weekly-run-report\v1\weekly-run-report.js:667:13)
    at Object.render (C:\src\m0saic-production\one-a-day\dist\community\weekly-run-report\v1\weekly-run-report.js:776:19)
    at Object.<anonymous> (C:\src\m0saic\packages\template-utils\dist\template\defineMosaicTemplate.js:246:46)
    at Object.render (C:\src\m0saic\packages\template-utils\dist\template\defineMosaicTemplate.js:246:46)
